---
source: tests/integration_tests/config_show.rs
info:
  program: wt
  args:
    - config
    - show
  env:
    APPDATA: "[TEST_CONFIG_HOME]"
    CLICOLOR_FORCE: "1"
    COLUMNS: "500"
    GIT_AUTHOR_DATE: "2025-01-01T00:00:00Z"
    GIT_COMMITTER_DATE: "2025-01-01T00:00:00Z"
    GIT_CONFIG_GLOBAL: "[TEST_GIT_CONFIG]"
    GIT_CONFIG_SYSTEM: /dev/null
    GIT_EDITOR: ""
    GIT_TERMINAL_PROMPT: "0"
    HOME: "[TEST_HOME]"
    LANG: C
    LC_ALL: C
    MOCK_CONFIG_DIR: "[MOCK_CONFIG_DIR]"
    NO_COLOR: ""
    PATH: "[PATH]"
    PSModulePath: ""
    RUST_LOG: warn
    SHELL: ""
    TERM: alacritty
    USERPROFILE: "[TEST_HOME]"
    WORKTRUNK_APPROVALS_PATH: "[TEST_APPROVALS]"
    WORKTRUNK_CONFIG_PATH: "[TEST_CONFIG]"
    WORKTRUNK_SYSTEM_CONFIG_PATH: "[TEST_SYSTEM_CONFIG]"
    WORKTRUNK_TEST_CLAUDE_INSTALLED: "0"
    WORKTRUNK_TEST_DELAYED_STREAM_MS: "-1"
    WORKTRUNK_TEST_EPOCH: "1735776000"
    WORKTRUNK_TEST_NUSHELL_ENV: "0"
    WORKTRUNK_TEST_POWERSHELL_ENV: "0"
    WORKTRUNK_TEST_SKIP_URL_HEALTH_CHECK: "1"
    XDG_CONFIG_HOME: "[TEST_CONFIG_HOME]"
---
success: true
exit_code: 0
----- stdout -----

----- stderr -----
[36mUSER CONFIG[39m @ ~/.config/worktrunk/config.toml
[107m [0m [2mworktree-path = [0m[2m[32m"../{{ repo }}.{{ branch }}"
[2m↳[22m [2mOptional system config not found @ [2m/etc/xdg/worktrunk/config.toml[22m[22m

[36mPROJECT CONFIG[39m @ _REPO_/.config/wt.toml
[33m▲[39m [33mProject config uses deprecated hook name: post-create → pre-start[39m
[2m↳[22m [2mTo apply:[22m
[107m [0m [2m[0m[2m[34mwt[0m[2m config update
[107m [0m [1mdiff --git a_REPO_/.config/wt.toml b_REPO_/.config/wt.toml.new[m
[107m [0m [1mindex 13d6ba3..6ccc26d 100644[m
[107m [0m [1m--- a_REPO_/.config/wt.toml[m
[107m [0m [1m+++ b_REPO_/.config/wt.toml.new[m
[107m [0m [36m@@ -1,4 +1,4 @@[m
[107m [0m [31m-post-create = "npm install"[m
[107m [0m [32m+[m[32mpre-start = "npm install"[m
[107m [0m  [m
[107m [0m  [post-start][m
[107m [0m  server = "npm run dev"[m
[2m○[22m Current config:
[107m [0m [2mpost-create = [0m[2m[32m"npm install"
[107m [0m 
[107m [0m [2m[36m[post-start]
[107m [0m [2mserver = [0m[2m[32m"npm run dev"

[36mSHELL INTEGRATION[39m
[33m▲[39m [33mShell integration not active[39m
[107m [0m Invoked as: [1m[PROJECT_ROOT]/target/debug/wt[22m

[2m○[22m [2mbash: Skipped; ~/.bashrc not found[22m
[2m○[22m [2mzsh: Skipped; ~/.zshrc not found[22m
[2m○[22m [2mfish: Skipped; ~/.config/fish/functions not found[22m
[2m○[22m [2mnu: Skipped; ~/.config/nushell/vendor/autoload not found[22m

[36mCLAUDE CODE[39m
[2m○[22m [1mclaude[22m CLI not installed

[36mOTHER[39m
[2m○[22m wt: [1m[VERSION][22m
[2m○[22m git: [1m[VERSION][22m
[2m○[22m Hyperlinks: [1minactive[22m
