---
source: tests/integration_tests/user_hooks.rs
info:
  program: wt
  args:
    - merge
    - main
    - "--yes"
    - "--no-remove"
  env:
    APPDATA: "[TEST_CONFIG_HOME]"
    CLICOLOR_FORCE: "1"
    COLUMNS: "500"
    GIT_AUTHOR_DATE: "2025-01-01T00:00:00Z"
    GIT_COMMITTER_DATE: "2025-01-01T00:00:00Z"
    GIT_CONFIG_GLOBAL: "[TEST_GIT_CONFIG]"
    GIT_CONFIG_SYSTEM: /dev/null
    GIT_EDITOR: ""
    GIT_TERMINAL_PROMPT: "0"
    HOME: "[TEST_HOME]"
    LANG: C
    LC_ALL: C
    MOCK_CONFIG_DIR: "[MOCK_CONFIG_DIR]"
    NO_COLOR: ""
    PATH: "[PATH]"
    PSModulePath: ""
    RUST_LOG: warn
    SHELL: ""
    TERM: alacritty
    USERPROFILE: "[TEST_HOME]"
    WORKTRUNK_APPROVALS_PATH: "[TEST_APPROVALS]"
    WORKTRUNK_CONFIG_PATH: "[TEST_CONFIG]"
    WORKTRUNK_SYSTEM_CONFIG_PATH: "[TEST_SYSTEM_CONFIG]"
    WORKTRUNK_TEST_CLAUDE_INSTALLED: "0"
    WORKTRUNK_TEST_DELAYED_STREAM_MS: "-1"
    WORKTRUNK_TEST_EPOCH: "1735776000"
    WORKTRUNK_TEST_NUSHELL_ENV: "0"
    WORKTRUNK_TEST_POWERSHELL_ENV: "0"
    WORKTRUNK_TEST_SKIP_URL_HEALTH_CHECK: "1"
    XDG_CONFIG_HOME: "[TEST_CONFIG_HOME]"
---
success: true
exit_code: 0
----- stdout -----

----- stderr -----
[36m◎[39m [36mMerging 1 commit to [1mmain[22m @ [2m[HASH][22m (no commit/squash/rebase needed)[39m
[107m [0m * [33m[HASH][m Add feature
[107m [0m  feature.txt | 1 [32m+[m
[107m [0m  1 file changed, 1 insertion(+)
[32m✓[39m [32mMerged to [1mmain[22m [90m(1 commit, 1 file, [32m+1[39m[39m[90m)[39m[39m
[2m○[22m Worktree preserved (--no-remove)
[36m◎[39m [36mRunning post-merge: [1muser:notify[22m @ [1m_REPO_[22m[39m
