---
source: tests/integration_tests/merge.rs
info:
  program: wt
  args:
    - merge
    - main
    - "--yes"
  env:
    APPDATA: "[TEST_CONFIG_HOME]"
    CLICOLOR_FORCE: "1"
    COLUMNS: "500"
    GIT_AUTHOR_DATE: "2025-01-01T00:00:00Z"
    GIT_COMMITTER_DATE: "2025-01-01T00:00:00Z"
    GIT_CONFIG_GLOBAL: "[TEST_GIT_CONFIG]"
    GIT_CONFIG_SYSTEM: /dev/null
    GIT_EDITOR: ""
    GIT_TERMINAL_PROMPT: "0"
    HOME: "[TEST_HOME]"
    LANG: C
    LC_ALL: C
    MOCK_CONFIG_DIR: "[MOCK_CONFIG_DIR]"
    NO_COLOR: ""
    PATH: "[PATH]"
    PSModulePath: ""
    RUST_LOG: warn
    SHELL: ""
    TERM: alacritty
    USERPROFILE: "[TEST_HOME]"
    WORKTRUNK_APPROVALS_PATH: "[TEST_APPROVALS]"
    WORKTRUNK_CONFIG_PATH: "[TEST_CONFIG]"
    WORKTRUNK_SYSTEM_CONFIG_PATH: "[TEST_SYSTEM_CONFIG]"
    WORKTRUNK_TEST_CLAUDE_INSTALLED: "0"
    WORKTRUNK_TEST_DELAYED_STREAM_MS: "-1"
    WORKTRUNK_TEST_EPOCH: "1735776000"
    WORKTRUNK_TEST_NUSHELL_ENV: "0"
    WORKTRUNK_TEST_POWERSHELL_ENV: "0"
    WORKTRUNK_TEST_SKIP_URL_HEALTH_CHECK: "1"
    XDG_CONFIG_HOME: "[TEST_CONFIG_HOME]"
---
success: true
exit_code: 0
----- stdout -----

----- stderr -----
[36m◎[39m [36mSquashing 3 commits into a single commit [90m(3 files, [32m+33[39m[39m[90m)[39m...[39m
[36m◎[39m [36mGenerating squash commit message...[39m
[107m [0m [1mfeat(auth): Implement JWT authentication system[22m
[107m [0m 
[107m [0m Add comprehensive JWT token handling including validation, refresh logic,
[107m [0m and authentication tests. This establishes the foundation for secure
[107m [0m API authentication.
[107m [0m 
[107m [0m - Implement token refresh mechanism with expiry handling
[107m [0m - Add JWT encoding/decoding with signature verification
[107m [0m - Create test suite covering all authentication flows
[32m✓[39m [32mSquashed @ [HASH][39m
[36m◎[39m [36mRunning pre-merge [1mproject:test[22m[39m
[107m [0m [2m[0m[2m[34mcargo[0m[2m test
[0m    Finished test [unoptimized + debuginfo] target(s) in 0.12s
     Running unittests src/lib.rs (target/debug/deps/worktrunk-abc123)

running 18 tests
test auth::tests::test_jwt_decode ... ok
test auth::tests::test_jwt_encode ... ok
test auth::tests::test_token_refresh ... ok
test auth::tests::test_token_validation ... ok

test result: ok. 18 passed; 0 failed; 0 ignored; 0 measured; 0 filtered out; finished in 0.08s
[36m◎[39m [36mRunning pre-merge [1mproject:lint[22m[39m
[107m [0m [2m[0m[2m[34mcargo[0m[2m clippy
[0m    Checking worktrunk v0.1.0
    Finished dev [unoptimized + debuginfo] target(s) in 1.23s
[36m◎[39m [36mMerging 1 commit to [1mmain[22m @ [2m[HASH][22m (no rebase needed)[39m
[107m [0m * [33m[HASH][m feat(auth): Implement JWT authentication system
[107m [0m  auth.rs      |  8 [32m++++++++[m
[107m [0m  auth_test.rs | 17 [32m+++++++++++++++++[m
[107m [0m  jwt.rs       |  8 [32m++++++++[m
[107m [0m  3 files changed, 33 insertions(+)
[32m✓[39m [32mMerged to [1mmain[22m [90m(1 commit, 3 files, [32m+33[39m[39m[90m)[39m[39m
[36m◎[39m [36mRemoving [1mfeature-auth[22m worktree & branch in background (same commit as [1mmain[22m,[39m [2m_[22m[36m)[39m
[33m▲[39m [33mCannot change directory — shell integration not installed[39m
[2m↳[22m [2mTo enable automatic cd, run [4mwt config shell install[24m[22m
[36m◎[39m [36mRunning post-merge: [1mproject:install[22m @ [1m_REPO_[22m[39m
