---
source: tests/integration_tests/switch_picker.rs
expression: preview
---
1: HEAD± | 2: log | 3: main…± | 4: remote⇅ | 5: summary [N/M]
Enter: switch | alt-c: create | Esc: cancel | ctrl-u/d: scr

* [HASH]   +1        [TIME] (feature) Add file 5 with content
* [HASH]   +1        [TIME] Add file 4 with content
* [HASH]   +1        [TIME] Add file 3 with content
* [HASH]   +1        [TIME] Add file 2 with content
* [HASH]   +1        [TIME] Add file 1 with content
* [HASH]   +2       [TIME] (HEAD -> main) Initial commit
