---
source: tests/integration_tests/post_start_commands.rs
info:
  program: wt
  args:
    - switch
    - "--create"
    - feature
  env:
    APPDATA: "[TEST_CONFIG_HOME]"
    CLICOLOR_FORCE: "1"
    COLUMNS: "500"
    GIT_AUTHOR_DATE: "2025-01-01T00:00:00Z"
    GIT_COMMITTER_DATE: "2025-01-01T00:00:00Z"
    GIT_CONFIG_GLOBAL: "[TEST_GIT_CONFIG]"
    GIT_CONFIG_SYSTEM: /dev/null
    GIT_EDITOR: ""
    GIT_TERMINAL_PROMPT: "0"
    HOME: "[TEST_HOME]"
    LANG: C
    LC_ALL: C
    MOCK_CONFIG_DIR: "[MOCK_CONFIG_DIR]"
    NO_COLOR: ""
    PATH: "[PATH]"
    PSModulePath: ""
    RUST_LOG: warn
    SHELL: ""
    TERM: alacritty
    USERPROFILE: "[TEST_HOME]"
    WORKTRUNK_APPROVALS_PATH: "[TEST_APPROVALS]"
    WORKTRUNK_CONFIG_PATH: "[TEST_CONFIG]"
    WORKTRUNK_SYSTEM_CONFIG_PATH: "[TEST_SYSTEM_CONFIG]"
    WORKTRUNK_TEST_CLAUDE_INSTALLED: "0"
    WORKTRUNK_TEST_DELAYED_STREAM_MS: "-1"
    WORKTRUNK_TEST_EPOCH: "1735776000"
    WORKTRUNK_TEST_NUSHELL_ENV: "0"
    WORKTRUNK_TEST_POWERSHELL_ENV: "0"
    WORKTRUNK_TEST_SKIP_URL_HEALTH_CHECK: "1"
    XDG_CONFIG_HOME: "[TEST_CONFIG_HOME]"
---
success: true
exit_code: 0
----- stdout -----

----- stderr -----
[33m▲[39m [33mProject config has deprecated settings. Run [1mwt config show[22m for details or [1mwt config update[22m to apply updates[39m
[36m◎[39m [36mRunning pre-start project hook @ [1m_REPO_.feature[22m[39m
[107m [0m [2m[0m[2m[34mecho[0m[2m [0m[2m[32m'Setup done'[0m[2m [0m[2m[36m>[0m[2m setup.txt
[0m[32m✓[39m [32mCreated branch [1mfeature[22m from [1mmain[22m and worktree @ [1m_REPO_.feature[22m[39m
[2m↳[22m [2mTo customize worktree locations, run [4mwt config create[24m[22m
[33m▲[39m [33mCannot change directory — shell integration not installed[39m
[2m↳[22m [2mTo enable automatic cd, run [4mwt config shell install[24m[22m
[36m◎[39m [36mRunning post-start: [1mproject:server[22m @ [1m_REPO_.feature[22m[39m
