---
source: tests/integration_tests/switch_picker.rs
expression: preview
---
1: HEAD± | 2: log | 3: main…± | 4: remote⇅ | 5: summary [N/M]
Enter: switch | alt-c: create | Esc: cancel | ctrl-u/d: scr

Configure [commit.generation] command to enable LLM summari

Example in ~/.config/worktrunk/config.toml:

[commit.generation]
command = "llm -m haiku"

[list]
summary = true
