---
source: tests/integration_tests/help.rs
info:
  program: wt
  args:
    - pre-start
  env:
    CLICOLOR_FORCE: "1"
    COLUMNS: "500"
    GIT_EDITOR: ""
    LANG: C
    LC_ALL: C
    NO_COLOR: ""
    PSModulePath: ""
    RUST_LOG: warn
    SHELL: ""
    TERM: alacritty
    WORKTRUNK_APPROVALS_PATH: /nonexistent/test/approvals.toml
    WORKTRUNK_CONFIG_PATH: /nonexistent/test/config.toml
    WORKTRUNK_SYSTEM_CONFIG_PATH: /etc/xdg/worktrunk/config.toml
    WORKTRUNK_TEST_CLAUDE_INSTALLED: "0"
    WORKTRUNK_TEST_DELAYED_STREAM_MS: "-1"
    WORKTRUNK_TEST_EPOCH: "1735776000"
    WORKTRUNK_TEST_NUSHELL_ENV: "0"
    WORKTRUNK_TEST_POWERSHELL_ENV: "0"
    WORKTRUNK_TEST_SKIP_URL_HEALTH_CHECK: "1"
---
success: false
exit_code: 2
----- stdout -----

----- stderr -----
[1m[31merror:[0m unrecognized subcommand '[1m[33mpre-start[0m'

[1m[32mUsage:[0m [1m[36mwt[0m [36m[OPTIONS][0m [36m[COMMAND][0m

For more information, try '[1m[36m--help[0m'.

  [33mtip:[39m  perhaps [36m[1mwt hook pre-start[39m[22m?
