---
source: tests/integration_tests/approvals.rs
info:
  program: wt
  args:
    - hook
    - approvals
    - add
  env:
    APPDATA: "[TEST_CONFIG_HOME]"
    CLICOLOR_FORCE: "1"
    COLUMNS: "500"
    GIT_AUTHOR_DATE: "2025-01-01T00:00:00Z"
    GIT_COMMITTER_DATE: "2025-01-01T00:00:00Z"
    GIT_CONFIG_GLOBAL: "[TEST_GIT_CONFIG]"
    GIT_CONFIG_SYSTEM: /dev/null
    GIT_EDITOR: ""
    GIT_TERMINAL_PROMPT: "0"
    HOME: "[TEST_HOME]"
    LANG: C
    LC_ALL: C
    MOCK_CONFIG_DIR: "[MOCK_CONFIG_DIR]"
    NO_COLOR: ""
    PATH: "[PATH]"
    PSModulePath: ""
    RUST_LOG: warn
    SHELL: ""
    TERM: alacritty
    USERPROFILE: "[TEST_HOME]"
    WORKTRUNK_APPROVALS_PATH: "[TEST_APPROVALS]"
    WORKTRUNK_CONFIG_PATH: "[TEST_CONFIG]"
    WORKTRUNK_SYSTEM_CONFIG_PATH: "[TEST_SYSTEM_CONFIG]"
    WORKTRUNK_TEST_CLAUDE_INSTALLED: "0"
    WORKTRUNK_TEST_DELAYED_STREAM_MS: "-1"
    WORKTRUNK_TEST_EPOCH: "1735776000"
    WORKTRUNK_TEST_NUSHELL_ENV: "0"
    WORKTRUNK_TEST_POWERSHELL_ENV: "0"
    WORKTRUNK_TEST_SKIP_URL_HEALTH_CHECK: "1"
    XDG_CONFIG_HOME: "[TEST_CONFIG_HOME]"
---
success: false
exit_code: 1
----- stdout -----

----- stderr -----
[33m▲[39m [33mProject config has deprecated settings. Run [1mwt config show[22m for details or [1mwt config update[22m to apply updates[39m
[33m▲[39m [33m[1morigin[22m needs approval to execute [1m1[22m command:[39m
[2m○[22m pre-start:
[107m [0m [2m[0m[2m[34mecho[0m[2m [0m[2m[32m'test'[0m[2m
[31m✗[39m [31mCannot prompt for approval in non-interactive environment[39m
[2m↳[22m [2mTo skip prompts in CI/CD, add [4m--yes[24m; to pre-approve commands, run [4mwt hook approvals add[24m[22m
